// Jest Snapshot v1, https://goo.gl/fbAQLP

exports[`ShoppingItem should match snapshot 1`] = `
.c0 {
  width: 100%;
  padding: 15px;
  border-bottom: 1px solid rgba(0,0,0,.12);
  display: -webkit-box;
  display: -webkit-flex;
  display: -ms-flexbox;
  display: flex;
  -webkit-box-pack: justify;
  -webkit-justify-content: space-between;
  -ms-flex-pack: justify;
  justify-content: space-between;
  -webkit-align-items: center;
  -webkit-box-align: center;
  -ms-flex-align: center;
  align-items: center;
  color: rgba(0,0,0,.87);
  font-style: normal;
  text-decoration: none;
  cursor: pointer;
}

<div
  className="c0"
  onClick={[Function]}
>
  <p>
    tomate
  </p>
  <p>
    2
     
    item
  </p>
</div>
`;
